%vvv UniqueID=4455667
feta11 TeX-feta11 <feta11.pfa
feta13 TeX-feta13 <feta13.pfa
feta16 TeX-feta16 <feta16.pfa
feta19 TeX-feta19 <feta19.pfa
feta20 TeX-feta20 <feta20.pfa
feta23 TeX-feta23 <feta23.pfa
feta26 TeX-feta26 <feta26.pfa
feta-din4 TeX-feta-din4 <feta-din4.pfa
feta-din5 TeX-feta-din5 <feta-din5.pfa
feta-din6 TeX-feta-din6 <feta-din6.pfa
feta-din7 TeX-feta-din7 <feta-din7.pfa
feta-din8 TeX-feta-din8 <feta-din8.pfa
feta-din9 TeX-feta-din9 <feta-din9.pfa
feta-din10 TeX-feta-din10 <feta-din10.pfa
feta-din11 TeX-feta-din11 <feta-din11.pfa
feta-din12 TeX-feta-din12 <feta-din12.pfa
feta-din13 TeX-feta-din13 <feta-din13.pfa
feta-din14 TeX-feta-din14 <feta-din14.pfa
feta-din17 TeX-feta-din17 <feta-din17.pfa
feta-din19 TeX-feta-din19 <feta-din19.pfa
feta-braces0 TeX-feta-braces0 <feta-braces0.pfa
feta-braces1 TeX-feta-braces1 <feta-braces1.pfa
feta-braces2 TeX-feta-braces2 <feta-braces2.pfa
feta-braces3 TeX-feta-braces3 <feta-braces3.pfa
feta-braces4 TeX-feta-braces4 <feta-braces4.pfa
feta-braces5 TeX-feta-braces5 <feta-braces5.pfa
feta-braces6 TeX-feta-braces6 <feta-braces6.pfa
feta-braces7 TeX-feta-braces7 <feta-braces7.pfa
feta-braces8 TeX-feta-braces8 <feta-braces8.pfa
feta-nummer4 TeX-feta-nummer4 <feta-nummer4.pfa
feta-nummer5 TeX-feta-nummer5 <feta-nummer5.pfa
feta-nummer6 TeX-feta-nummer6 <feta-nummer6.pfa
feta-nummer7 TeX-feta-nummer7 <feta-nummer7.pfa
feta-nummer8 TeX-feta-nummer8 <feta-nummer8.pfa
feta-nummer10 TeX-feta-nummer10 <feta-nummer10.pfa
feta-nummer11 TeX-feta-nummer11 <feta-nummer11.pfa
feta-nummer13 TeX-feta-nummer13 <feta-nummer13.pfa
